// Jest Snapshot v1, https://goo.gl/fbAQLP

exports[`Search renders SearchSnapshot 1`] = `
<DocumentFragment>
  <div
    class="searchWrapper"
  >
    <input
      class="input"
      placeholder="What do you want to watch?"
      type="text"
      value=""
    />
    <button
      class="button"
      type="button"
    >
      Search
    </button>
  </div>
</DocumentFragment>
`;
